../Core/Src/main.c:93:5:main	8	static
../Core/Src/main.c:155:6:SystemClock_Config	72	static
../Core/Src/main.c:195:13:MX_I2C1_Init	8	static
../Core/Src/main.c:229:13:MX_TIM2_Init	32	static
../Core/Src/main.c:274:13:MX_USART1_UART_Init	8	static
../Core/Src/main.c:307:13:MX_GPIO_Init	40	static
../Core/Src/main.c:343:6:HAL_GPIO_EXTI_Callback	16	static
../Core/Src/main.c:374:6:HAL_UART_RxCpltCallback	16	static
../Core/Src/main.c:400:6:get_data	32	static
../Core/Src/main.c:429:6:display_mode_1	48	static
../Core/Src/main.c:446:6:display_mode_2	24	static
../Core/Src/main.c:467:6:display_cycle	24	static
../Core/Src/main.c:484:6:transmit_data_from_computer	64	static
../Core/Src/main.c:516:6:task_hander	8	static
../Core/Src/main.c:525:6:task_disphay_1	8	static
../Core/Src/main.c:534:6:task_disphay_2	8	static
../Core/Src/main.c:562:6:Error_Handler	4	static,ignoring_inline_asm
